<?xml version="1.0" encoding="UTF-8" ?>
<testsuites name="vitest tests" tests="170" failures="0" errors="0" time="9.370150868">
    <testsuite name="src/components/Examples.test.tsx" timestamp="2026-01-08T16:39:28.426Z" hostname="ZERO-PC" tests="8" failures="0" errors="0" skipped="0" time="0.487141389">
        <testcase classname="src/components/Examples.test.tsx" name="Examples &gt; renders section heading" time="0.139525429">
        </testcase>
        <testcase classname="src/components/Examples.test.tsx" name="Examples &gt; renders cURL upload example" time="0.050898549">
        </testcase>
        <testcase classname="src/components/Examples.test.tsx" name="Examples &gt; renders shell function section" time="0.040766143">
        </testcase>
        <testcase classname="src/components/Examples.test.tsx" name="Examples &gt; renders more examples button" time="0.016063986">
        </testcase>
        <testcase classname="src/components/Examples.test.tsx" name="Examples &gt; shows additional examples when button clicked" time="0.115119886">
        </testcase>
        <testcase classname="src/components/Examples.test.tsx" name="Examples &gt; toggles button text when expanded" time="0.053505816">
        </testcase>
        <testcase classname="src/components/Examples.test.tsx" name="Examples &gt; hides additional examples when collapsed" time="0.045895282">
        </testcase>
        <testcase classname="src/components/Examples.test.tsx" name="Examples &gt; renders config values in examples" time="0.021638716">
        </testcase>
    </testsuite>
    <testsuite name="src/components/Features.test.tsx" timestamp="2026-01-08T16:39:28.435Z" hostname="ZERO-PC" tests="5" failures="0" errors="0" skipped="0" time="0.262942163">
        <testcase classname="src/components/Features.test.tsx" name="Features &gt; renders section heading" time="0.123657718">
        </testcase>
        <testcase classname="src/components/Features.test.tsx" name="Features &gt; renders base features" time="0.063925526">
        </testcase>
        <testcase classname="src/components/Features.test.tsx" name="Features &gt; renders upload size from config" time="0.029742109">
        </testcase>
        <testcase classname="src/components/Features.test.tsx" name="Features &gt; renders purge time from config" time="0.021256734">
        </testcase>
        <testcase classname="src/components/Features.test.tsx" name="Features &gt; renders feature descriptions" time="0.022263491">
        </testcase>
    </testsuite>
    <testsuite name="src/components/Footer.test.tsx" timestamp="2026-01-08T16:39:28.437Z" hostname="ZERO-PC" tests="5" failures="0" errors="0" skipped="0" time="0.118534022">
        <testcase classname="src/components/Footer.test.tsx" name="Footer &gt; renders copyright with hostname" time="0.06197796">
        </testcase>
        <testcase classname="src/components/Footer.test.tsx" name="Footer &gt; renders current year" time="0.009121818">
        </testcase>
        <testcase classname="src/components/Footer.test.tsx" name="Footer &gt; renders GitHub link" time="0.017901031">
        </testcase>
        <testcase classname="src/components/Footer.test.tsx" name="Footer &gt; renders email contact link when configured" time="0.011006561">
        </testcase>
        <testcase classname="src/components/Footer.test.tsx" name="Footer &gt; renders tagline" time="0.015741264">
        </testcase>
    </testsuite>
    <testsuite name="src/components/Header.test.tsx" timestamp="2026-01-08T16:39:28.439Z" hostname="ZERO-PC" tests="6" failures="0" errors="0" skipped="0" time="0.570712944">
        <testcase classname="src/components/Header.test.tsx" name="Header &gt; renders hostname from config" time="0.09602826">
        </testcase>
        <testcase classname="src/components/Header.test.tsx" name="Header &gt; renders upload icon" time="0.025166802">
        </testcase>
        <testcase classname="src/components/Header.test.tsx" name="Header &gt; renders home link" time="0.407399423">
        </testcase>
        <testcase classname="src/components/Header.test.tsx" name="Header &gt; does not show upload link by default" time="0.016073902">
        </testcase>
        <testcase classname="src/components/Header.test.tsx" name="Header &gt; shows upload link when showUploadLink is true" time="0.01171442">
        </testcase>
        <testcase classname="src/components/Header.test.tsx" name="Header &gt; renders ThemeToggle" time="0.009541693">
        </testcase>
    </testsuite>
    <testsuite name="src/components/Terminal.test.tsx" timestamp="2026-01-08T16:39:28.442Z" hostname="ZERO-PC" tests="11" failures="0" errors="0" skipped="0" time="0.24827943">
        <testcase classname="src/components/Terminal.test.tsx" name="Terminal &gt; renders children" time="0.073667336">
        </testcase>
        <testcase classname="src/components/Terminal.test.tsx" name="Terminal &gt; renders title when provided" time="0.012486721">
        </testcase>
        <testcase classname="src/components/Terminal.test.tsx" name="Terminal &gt; renders terminal dots" time="0.014734004">
        </testcase>
        <testcase classname="src/components/Terminal.test.tsx" name="CodeLine &gt; renders comment with # prefix" time="0.00894493">
        </testcase>
        <testcase classname="src/components/Terminal.test.tsx" name="CodeLine &gt; renders command with $ prefix" time="0.012607134">
        </testcase>
        <testcase classname="src/components/Terminal.test.tsx" name="CodeLine &gt; renders output without prefix" time="0.01339218">
        </testcase>
        <testcase classname="src/components/Terminal.test.tsx" name="CopyableCode &gt; renders code content" time="0.020961548">
        </testcase>
        <testcase classname="src/components/Terminal.test.tsx" name="CopyableCode &gt; renders copy button" time="0.016514729">
        </testcase>
        <testcase classname="src/components/Terminal.test.tsx" name="CopyableCode &gt; copies code to clipboard when button clicked" time="0.023788854">
        </testcase>
        <testcase classname="src/components/Terminal.test.tsx" name="CopyableCode &gt; shows check icon after copying" time="0.039609957">
        </testcase>
        <testcase classname="src/components/Terminal.test.tsx" name="CopyableCode &gt; applies custom className" time="0.007060934">
        </testcase>
    </testsuite>
    <testsuite name="src/components/ThemeToggle.test.tsx" timestamp="2026-01-08T16:39:28.447Z" hostname="ZERO-PC" tests="4" failures="0" errors="0" skipped="0" time="0.19796829">
        <testcase classname="src/components/ThemeToggle.test.tsx" name="ThemeToggle &gt; renders three theme buttons" time="0.109982333">
        </testcase>
        <testcase classname="src/components/ThemeToggle.test.tsx" name="ThemeToggle &gt; switches to dark theme when dark button clicked" time="0.040788358">
        </testcase>
        <testcase classname="src/components/ThemeToggle.test.tsx" name="ThemeToggle &gt; switches to light theme when light button clicked" time="0.016135009">
        </testcase>
        <testcase classname="src/components/ThemeToggle.test.tsx" name="ThemeToggle &gt; has correct button titles" time="0.02797253">
        </testcase>
    </testsuite>
    <testsuite name="src/components/UploadZone.test.tsx" timestamp="2026-01-08T16:39:28.450Z" hostname="ZERO-PC" tests="19" failures="0" errors="0" skipped="0" time="1.43584826">
        <testcase classname="src/components/UploadZone.test.tsx" name="UploadZone &gt; renders drop zone" time="0.108443826">
        </testcase>
        <testcase classname="src/components/UploadZone.test.tsx" name="UploadZone &gt; renders browse text" time="0.036305976">
        </testcase>
        <testcase classname="src/components/UploadZone.test.tsx" name="UploadZone &gt; shows drag state when dragging over" time="0.04202221">
        </testcase>
        <testcase classname="src/components/UploadZone.test.tsx" name="UploadZone &gt; resets drag state on drag leave" time="0.033284226">
        </testcase>
        <testcase classname="src/components/UploadZone.test.tsx" name="UploadZone &gt; has hidden file input" time="0.022919312">
        </testcase>
        <testcase classname="src/components/UploadZone.test.tsx" name="UploadZone &gt; opens file dialog when clicking drop zone" time="0.013244271">
        </testcase>
        <testcase classname="src/components/UploadZone.test.tsx" name="UploadZone &gt; uploads file when dropped" time="0.03923973">
        </testcase>
        <testcase classname="src/components/UploadZone.test.tsx" name="UploadZone &gt; shows file size" time="0.03008636">
        </testcase>
        <testcase classname="src/components/UploadZone.test.tsx" name="UploadZone &gt; allows removing uploaded file" time="0.531745309">
        </testcase>
        <testcase classname="src/components/UploadZone.test.tsx" name="UploadZone &gt; handles file input change" time="0.051950576">
        </testcase>
        <testcase classname="src/components/UploadZone.test.tsx" name="UploadZone &gt; shows upload progress" time="0.039842523">
        </testcase>
        <testcase classname="src/components/UploadZone.test.tsx" name="UploadZone &gt; shows error state on upload failure" time="0.060725347">
        </testcase>
        <testcase classname="src/components/UploadZone.test.tsx" name="UploadZone &gt; shows deletion token when provided" time="0.038866135">
        </testcase>
        <testcase classname="src/components/UploadZone.test.tsx" name="UploadZone &gt; shows download all buttons for multiple completed files" time="0.037827188">
        </testcase>
        <testcase classname="src/components/UploadZone.test.tsx" name="UploadZone &gt; handles null fileList gracefully" time="0.027662314">
        </testcase>
        <testcase classname="src/components/UploadZone.test.tsx" name="UploadZone &gt; renders completed file as link" time="0.102885246">
        </testcase>
        <testcase classname="src/components/UploadZone.test.tsx" name="UploadZone &gt; copies download URL when copy link button clicked" time="0.108463618">
        </testcase>
        <testcase classname="src/components/UploadZone.test.tsx" name="UploadZone &gt; copies deletion token when copy token button clicked" time="0.083706505">
        </testcase>
        <testcase classname="src/components/UploadZone.test.tsx" name="UploadZone &gt; handles network error during upload" time="0.022514009">
        </testcase>
    </testsuite>
    <testsuite name="src/hooks/useFetchContent.test.ts" timestamp="2026-01-08T16:39:28.459Z" hostname="ZERO-PC" tests="5" failures="0" errors="0" skipped="0" time="0.369481123">
        <testcase classname="src/hooks/useFetchContent.test.ts" name="useFetchContent &gt; returns loading state initially" time="0.0476269">
        </testcase>
        <testcase classname="src/hooks/useFetchContent.test.ts" name="useFetchContent &gt; returns data on successful fetch" time="0.06598675">
        </testcase>
        <testcase classname="src/hooks/useFetchContent.test.ts" name="useFetchContent &gt; returns error on failed fetch" time="0.063115727">
        </testcase>
        <testcase classname="src/hooks/useFetchContent.test.ts" name="useFetchContent &gt; returns error on network failure" time="0.060438701">
        </testcase>
        <testcase classname="src/hooks/useFetchContent.test.ts" name="useFetchContent &gt; refetches when URL changes" time="0.130155515">
        </testcase>
    </testsuite>
    <testsuite name="src/hooks/useTheme.test.ts" timestamp="2026-01-08T16:39:28.462Z" hostname="ZERO-PC" tests="8" failures="0" errors="0" skipped="0" time="0.036057218">
        <testcase classname="src/hooks/useTheme.test.ts" name="useTheme &gt; defaults to system theme" time="0.016833801">
        </testcase>
        <testcase classname="src/hooks/useTheme.test.ts" name="useTheme &gt; persists theme to localStorage" time="0.003485579">
        </testcase>
        <testcase classname="src/hooks/useTheme.test.ts" name="useTheme &gt; applies dark class when dark theme is set" time="0.002226762">
        </testcase>
        <testcase classname="src/hooks/useTheme.test.ts" name="useTheme &gt; removes dark class when light theme is set" time="0.001916982">
        </testcase>
        <testcase classname="src/hooks/useTheme.test.ts" name="useTheme &gt; loads theme from localStorage on init" time="0.001731004">
        </testcase>
        <testcase classname="src/hooks/useTheme.test.ts" name="useTheme &gt; responds to system theme changes when in system mode" time="0.002255226">
        </testcase>
        <testcase classname="src/hooks/useTheme.test.ts" name="useTheme &gt; does not respond to system changes when not in system mode" time="0.002008132">
        </testcase>
        <testcase classname="src/hooks/useTheme.test.ts" name="useTheme &gt; cleans up event listener on unmount" time="0.004118756">
        </testcase>
    </testsuite>
    <testsuite name="src/pages/Download.test.tsx" timestamp="2026-01-08T16:39:28.465Z" hostname="ZERO-PC" tests="26" failures="0" errors="0" skipped="0" time="1.994448303">
        <testcase classname="src/pages/Download.test.tsx" name="DownloadPage &gt; renders filename in heading" time="0.469775743">
        </testcase>
        <testcase classname="src/pages/Download.test.tsx" name="DownloadPage &gt; renders content type" time="0.044310409">
        </testcase>
        <testcase classname="src/pages/Download.test.tsx" name="DownloadPage &gt; renders formatted file size" time="0.051020527">
        </testcase>
        <testcase classname="src/pages/Download.test.tsx" name="DownloadPage &gt; renders download button" time="0.336080703">
        </testcase>
        <testcase classname="src/pages/Download.test.tsx" name="DownloadPage &gt; renders copy link button" time="0.019517883">
        </testcase>
        <testcase classname="src/pages/Download.test.tsx" name="DownloadPage &gt; copies link to clipboard when copy button clicked" time="0.06688478">
        </testcase>
        <testcase classname="src/pages/Download.test.tsx" name="DownloadPage &gt; renders delete button" time="0.02341994">
        </testcase>
        <testcase classname="src/pages/Download.test.tsx" name="DownloadPage &gt; opens delete modal when delete clicked" time="0.036417784">
        </testcase>
        <testcase classname="src/pages/Download.test.tsx" name="DownloadPage &gt; closes delete modal when cancel clicked" time="0.035683744">
        </testcase>
        <testcase classname="src/pages/Download.test.tsx" name="DownloadPage &gt; renders header with upload link" time="0.017223053">
        </testcase>
        <testcase classname="src/pages/Download.test.tsx" name="DownloadPage &gt; renders footer" time="0.013092666">
        </testcase>
        <testcase classname="src/pages/Download.test.tsx" name="DownloadPage &gt; renders image preview for image type" time="0.07967037">
        </testcase>
        <testcase classname="src/pages/Download.test.tsx" name="DownloadPage &gt; renders video preview for video type" time="0.020393174">
        </testcase>
        <testcase classname="src/pages/Download.test.tsx" name="DownloadPage &gt; renders audio preview for audio type" time="0.023566101">
        </testcase>
        <testcase classname="src/pages/Download.test.tsx" name="DownloadPage &gt; renders generic preview for unknown type" time="0.016091992">
        </testcase>
        <testcase classname="src/pages/Download.test.tsx" name="DownloadPage &gt; formats 0 bytes correctly" time="0.011631933">
        </testcase>
        <testcase classname="src/pages/Download.test.tsx" name="DownloadPage &gt; formats large file sizes correctly" time="0.012802036">
        </testcase>
        <testcase classname="src/pages/Download.test.tsx" name="DownloadPage &gt; renders code preview for code type" time="0.01592968">
        </testcase>
        <testcase classname="src/pages/Download.test.tsx" name="DownloadPage &gt; renders markdown preview for markdown type" time="0.013653915">
        </testcase>
        <testcase classname="src/pages/Download.test.tsx" name="DownloadPage &gt; deletes file successfully" time="0.148365607">
        </testcase>
        <testcase classname="src/pages/Download.test.tsx" name="DownloadPage &gt; shows error when delete fails" time="0.180227786">
        </testcase>
        <testcase classname="src/pages/Download.test.tsx" name="DownloadPage &gt; shows error on network failure during delete" time="0.115192511">
        </testcase>
        <testcase classname="src/pages/Download.test.tsx" name="DownloadPage &gt; does not delete without token" time="0.097368932">
        </testcase>
        <testcase classname="src/pages/Download.test.tsx" name="DownloadPage &gt; shows loading state during delete" time="0.10818704">
        </testcase>
        <testcase classname="src/pages/Download.test.tsx" name="DownloadPage &gt; reverts copied state after timeout" time="0.026447604">
        </testcase>
        <testcase classname="src/pages/Download.test.tsx" name="DownloadPage &gt; renders sandbox preview for sandbox type" time="0.007456901">
        </testcase>
    </testsuite>
    <testsuite name="src/pages/Home.test.tsx" timestamp="2026-01-08T16:39:28.475Z" hostname="ZERO-PC" tests="9" failures="0" errors="0" skipped="0" time="0.902551455">
        <testcase classname="src/pages/Home.test.tsx" name="Home Page &gt; renders main heading" time="0.188818389">
        </testcase>
        <testcase classname="src/pages/Home.test.tsx" name="Home Page &gt; renders subheading" time="0.063420174">
        </testcase>
        <testcase classname="src/pages/Home.test.tsx" name="Home Page &gt; renders terminal demo" time="0.099094605">
        </testcase>
        <testcase classname="src/pages/Home.test.tsx" name="Home Page &gt; renders upload zone section" time="0.063759067">
        </testcase>
        <testcase classname="src/pages/Home.test.tsx" name="Home Page &gt; renders Features section" time="0.105680696">
        </testcase>
        <testcase classname="src/pages/Home.test.tsx" name="Home Page &gt; renders Examples section" time="0.128440724">
        </testcase>
        <testcase classname="src/pages/Home.test.tsx" name="Home Page &gt; renders header" time="0.117264389">
        </testcase>
        <testcase classname="src/pages/Home.test.tsx" name="Home Page &gt; renders footer" time="0.079610493">
        </testcase>
        <testcase classname="src/pages/Home.test.tsx" name="Home Page &gt; renders drag and drop zone" time="0.05208086">
        </testcase>
    </testsuite>
    <testsuite name="src/pages/NotFound.test.tsx" timestamp="2026-01-08T16:39:28.480Z" hostname="ZERO-PC" tests="5" failures="0" errors="0" skipped="0" time="0.75770755">
        <testcase classname="src/pages/NotFound.test.tsx" name="NotFoundPage &gt; renders 404 heading" time="0.101846149">
        </testcase>
        <testcase classname="src/pages/NotFound.test.tsx" name="NotFoundPage &gt; renders file not found message" time="0.032356523">
        </testcase>
        <testcase classname="src/pages/NotFound.test.tsx" name="NotFoundPage &gt; renders upload link" time="0.530908803">
        </testcase>
        <testcase classname="src/pages/NotFound.test.tsx" name="NotFoundPage &gt; renders header with upload link" time="0.059800851">
        </testcase>
        <testcase classname="src/pages/NotFound.test.tsx" name="NotFoundPage &gt; renders footer" time="0.030569892">
        </testcase>
    </testsuite>
    <testsuite name="src/types/config.test.ts" timestamp="2026-01-08T16:39:28.483Z" hostname="ZERO-PC" tests="4" failures="0" errors="0" skipped="0" time="0.006235088">
        <testcase classname="src/types/config.test.ts" name="getConfig &gt; returns window.__CONFIG__ when set" time="0.001898336">
        </testcase>
        <testcase classname="src/types/config.test.ts" name="getConfig &gt; returns default config when window.__CONFIG__ is undefined" time="0.000284546">
        </testcase>
        <testcase classname="src/types/config.test.ts" name="getConfig &gt; returns typed config for DownloadConfig" time="0.000173416">
        </testcase>
        <testcase classname="src/types/config.test.ts" name="getConfig &gt; includes optional fields when present" time="0.000202327">
        </testcase>
    </testsuite>
    <testsuite name="src/components/previews/AudioPreview.test.tsx" timestamp="2026-01-08T16:39:28.486Z" hostname="ZERO-PC" tests="4" failures="0" errors="0" skipped="0" time="0.059936598">
        <testcase classname="src/components/previews/AudioPreview.test.tsx" name="AudioPreview &gt; renders filename" time="0.036321224">
        </testcase>
        <testcase classname="src/components/previews/AudioPreview.test.tsx" name="AudioPreview &gt; renders audio element with controls" time="0.01027693">
        </testcase>
        <testcase classname="src/components/previews/AudioPreview.test.tsx" name="AudioPreview &gt; renders source with correct url" time="0.005803646">
        </testcase>
        <testcase classname="src/components/previews/AudioPreview.test.tsx" name="AudioPreview &gt; renders music icon" time="0.004582599">
        </testcase>
    </testsuite>
    <testsuite name="src/components/previews/CodePreview.test.tsx" timestamp="2026-01-08T16:39:28.490Z" hostname="ZERO-PC" tests="11" failures="0" errors="0" skipped="0" time="0.324034209">
        <testcase classname="src/components/previews/CodePreview.test.tsx" name="CodePreview &gt; shows loading state initially" time="0.04413379">
        </testcase>
        <testcase classname="src/components/previews/CodePreview.test.tsx" name="CodePreview &gt; renders code after loading" time="0.092398653">
        </testcase>
        <testcase classname="src/components/previews/CodePreview.test.tsx" name="CodePreview &gt; shows error when fetch fails" time="0.017698385">
        </testcase>
        <testcase classname="src/components/previews/CodePreview.test.tsx" name="CodePreview &gt; shows error on network failure" time="0.013846534">
        </testcase>
        <testcase classname="src/components/previews/CodePreview.test.tsx" name="CodePreview &gt; renders copy button" time="0.032109472">
        </testcase>
        <testcase classname="src/components/previews/CodePreview.test.tsx" name="CodePreview &gt; copies code to clipboard when copy button clicked" time="0.031741447">
        </testcase>
        <testcase classname="src/components/previews/CodePreview.test.tsx" name="CodePreview &gt; renders line numbers" time="0.022332282">
        </testcase>
        <testcase classname="src/components/previews/CodePreview.test.tsx" name="CodePreview &gt; detects language from file extension" time="0.026427117">
        </testcase>
        <testcase classname="src/components/previews/CodePreview.test.tsx" name="CodePreview &gt; falls back to text for unknown extensions" time="0.017263734">
        </testcase>
        <testcase classname="src/components/previews/CodePreview.test.tsx" name="CodePreview &gt; handles file without extension" time="0.0141159">
        </testcase>
        <testcase classname="src/components/previews/CodePreview.test.tsx" name="CodePreview &gt; returns null when code is empty" time="0.008266584">
        </testcase>
    </testsuite>
    <testsuite name="src/components/previews/GenericPreview.test.tsx" timestamp="2026-01-08T16:39:28.495Z" hostname="ZERO-PC" tests="8" failures="0" errors="0" skipped="0" time="0.143673064">
        <testcase classname="src/components/previews/GenericPreview.test.tsx" name="GenericPreview &gt; renders filename" time="0.067870919">
        </testcase>
        <testcase classname="src/components/previews/GenericPreview.test.tsx" name="GenericPreview &gt; renders content type" time="0.013753444">
        </testcase>
        <testcase classname="src/components/previews/GenericPreview.test.tsx" name="GenericPreview &gt; renders preview not available message" time="0.011479783">
        </testcase>
        <testcase classname="src/components/previews/GenericPreview.test.tsx" name="GenericPreview &gt; renders archive icon for zip files" time="0.018577163">
        </testcase>
        <testcase classname="src/components/previews/GenericPreview.test.tsx" name="GenericPreview &gt; renders archive icon for tar files" time="0.009518894">
        </testcase>
        <testcase classname="src/components/previews/GenericPreview.test.tsx" name="GenericPreview &gt; renders spreadsheet icon for xlsx files" time="0.005511825">
        </testcase>
        <testcase classname="src/components/previews/GenericPreview.test.tsx" name="GenericPreview &gt; renders spreadsheet icon for csv files" time="0.005678039">
        </testcase>
        <testcase classname="src/components/previews/GenericPreview.test.tsx" name="GenericPreview &gt; renders text icon for text content type" time="0.007622703">
        </testcase>
    </testsuite>
    <testsuite name="src/components/previews/ImagePreview.test.tsx" timestamp="2026-01-08T16:39:28.498Z" hostname="ZERO-PC" tests="9" failures="0" errors="0" skipped="0" time="1.012664503">
        <testcase classname="src/components/previews/ImagePreview.test.tsx" name="ImagePreview &gt; renders image with correct src and alt" time="0.474678177">
        </testcase>
        <testcase classname="src/components/previews/ImagePreview.test.tsx" name="ImagePreview &gt; renders zoom controls" time="0.025775683">
        </testcase>
        <testcase classname="src/components/previews/ImagePreview.test.tsx" name="ImagePreview &gt; shows initial scale of 100%" time="0.035472933">
        </testcase>
        <testcase classname="src/components/previews/ImagePreview.test.tsx" name="ImagePreview &gt; increases scale when zoom in clicked" time="0.037527178">
        </testcase>
        <testcase classname="src/components/previews/ImagePreview.test.tsx" name="ImagePreview &gt; decreases scale when zoom out clicked" time="0.024487995">
        </testcase>
        <testcase classname="src/components/previews/ImagePreview.test.tsx" name="ImagePreview &gt; rotates image when rotate clicked" time="0.121715266">
        </testcase>
        <testcase classname="src/components/previews/ImagePreview.test.tsx" name="ImagePreview &gt; limits zoom out to 50%" time="0.035526742">
        </testcase>
        <testcase classname="src/components/previews/ImagePreview.test.tsx" name="ImagePreview &gt; limits zoom in to 300%" time="0.056956283">
        </testcase>
        <testcase classname="src/components/previews/ImagePreview.test.tsx" name="ImagePreview &gt; rotates through 360 degrees" time="0.187803026">
        </testcase>
    </testsuite>
    <testsuite name="src/components/previews/MarkdownPreview.test.tsx" timestamp="2026-01-08T16:39:28.501Z" hostname="ZERO-PC" tests="8" failures="0" errors="0" skipped="0" time="0.34383299">
        <testcase classname="src/components/previews/MarkdownPreview.test.tsx" name="MarkdownPreview &gt; shows loading state initially" time="0.130636977">
        </testcase>
        <testcase classname="src/components/previews/MarkdownPreview.test.tsx" name="MarkdownPreview &gt; renders markdown content after loading" time="0.088942244">
        </testcase>
        <testcase classname="src/components/previews/MarkdownPreview.test.tsx" name="MarkdownPreview &gt; shows error when fetch fails" time="0.01087472">
        </testcase>
        <testcase classname="src/components/previews/MarkdownPreview.test.tsx" name="MarkdownPreview &gt; shows error on network failure" time="0.019438159">
        </testcase>
        <testcase classname="src/components/previews/MarkdownPreview.test.tsx" name="MarkdownPreview &gt; parses bold text" time="0.036210584">
        </testcase>
        <testcase classname="src/components/previews/MarkdownPreview.test.tsx" name="MarkdownPreview &gt; parses italic text" time="0.012665965">
        </testcase>
        <testcase classname="src/components/previews/MarkdownPreview.test.tsx" name="MarkdownPreview &gt; parses inline code" time="0.02119787">
        </testcase>
        <testcase classname="src/components/previews/MarkdownPreview.test.tsx" name="MarkdownPreview &gt; parses links" time="0.018044035">
        </testcase>
    </testsuite>
    <testsuite name="src/components/previews/PreviewContainer.test.tsx" timestamp="2026-01-08T16:39:28.503Z" hostname="ZERO-PC" tests="11" failures="0" errors="0" skipped="0" time="0.053934558">
        <testcase classname="src/components/previews/PreviewContainer.test.tsx" name="PreviewContainer &gt; renders children" time="0.024834721">
        </testcase>
        <testcase classname="src/components/previews/PreviewContainer.test.tsx" name="PreviewContainer &gt; applies default variant styles" time="0.00264825">
        </testcase>
        <testcase classname="src/components/previews/PreviewContainer.test.tsx" name="PreviewContainer &gt; applies dark variant styles" time="0.002007598">
        </testcase>
        <testcase classname="src/components/previews/PreviewContainer.test.tsx" name="PreviewContainer &gt; applies bordered variant styles" time="0.002126961">
        </testcase>
        <testcase classname="src/components/previews/PreviewContainer.test.tsx" name="PreviewContainer &gt; applies custom className" time="0.002359793">
        </testcase>
        <testcase classname="src/components/previews/PreviewContainer.test.tsx" name="PreviewLoading &gt; renders loading text" time="0.004031023">
        </testcase>
        <testcase classname="src/components/previews/PreviewContainer.test.tsx" name="PreviewLoading &gt; uses default text color" time="0.002330222">
        </testcase>
        <testcase classname="src/components/previews/PreviewContainer.test.tsx" name="PreviewLoading &gt; uses dark variant text color" time="0.003748818">
        </testcase>
        <testcase classname="src/components/previews/PreviewContainer.test.tsx" name="PreviewError &gt; renders error message" time="0.003276414">
        </testcase>
        <testcase classname="src/components/previews/PreviewContainer.test.tsx" name="PreviewError &gt; uses default text color" time="0.002242041">
        </testcase>
        <testcase classname="src/components/previews/PreviewContainer.test.tsx" name="PreviewError &gt; uses dark variant text color" time="0.001937628">
        </testcase>
    </testsuite>
    <testsuite name="src/components/previews/VideoPreview.test.tsx" timestamp="2026-01-08T16:39:28.506Z" hostname="ZERO-PC" tests="4" failures="0" errors="0" skipped="0" time="0.044167711">
        <testcase classname="src/components/previews/VideoPreview.test.tsx" name="VideoPreview &gt; renders video element" time="0.031098989">
        </testcase>
        <testcase classname="src/components/previews/VideoPreview.test.tsx" name="VideoPreview &gt; renders with controls" time="0.003068009">
        </testcase>
        <testcase classname="src/components/previews/VideoPreview.test.tsx" name="VideoPreview &gt; renders source with correct url and type" time="0.004000857">
        </testcase>
        <testcase classname="src/components/previews/VideoPreview.test.tsx" name="VideoPreview &gt; has preload metadata attribute" time="0.003953072">
        </testcase>
    </testsuite>
</testsuites>
